== MP 协议 roundtrip ==
  [PASS] 头 36B / magic / callsign / msgid=7  (len=232)
  [PASS] V2 pad magic
  [PASS] 位置误差 < 1e-6 度  (lat=36.5000000 lon=-115.3000000)
  [PASS] 高度误差 < 1 ft
  [PASS] 航向误差 < 0.01 度  (hdg=90.0000)
  [PASS] 俯仰/滚转误差 < 0.01 度
  [PASS] ECEF 速度往返一致
  [PASS] 角轴与欧拉互逆  (h=270.00000 p=-10.00000 r=20.00000)
== FGNetFDM v24 roundtrip ==
  [PASS] 帧长 408B  (len=408)
  [PASS] 版本 24 解析成功
  [PASS] 位置/高度往返
  [PASS] psi+90 约定：航向 180 往返  (hdg=180.0000)
  [PASS] wow=1
  [PASS] 文本行解析 + callsign
== flag1 判决 ==
  [FAIL] ILS 段满分 100  (total=0.0 approach=0 land=0 touch=0)
  [PASS] 无接地帧不给落地分  (total=0)
== flag2 判决 ==
  [PASS] 穿过目标点触发  (closest=1216.9 span=71.7)
  [PASS] 瞬移擦边不触发  (span=2.9)
== flag3 判决 ==
  [PASS] 飞天达成  (dur=23.8s)
  [PASS] 遁地达成  (dur=11.9s)
  [PASS] 超速达成  (dur=15.9s)
  [PASS] 满分 40
  [PASS] 瞬移刷分被判不平滑  (smooth=False)

共 1 项失败：['ILS 段满分 100']
